Microchip MPLAB XC8 Compiler V1.41 ()

Linker command line:

--edf=C:\Program Files (x86)\Microchip\xc8\v1.41\dat\en_msgs.txt -cs \
  -h+dist/default/debug\skel.X.debug.sym \
  --cmf=dist/default/debug\skel.X.debug.cmf -z -Q18F6490 \
  -oC:\Users\jg00694\AppData\Local\Temp\s3gk.2 \
  -Mdist/default/debug/skel.X.debug.map -E1 -ver=XC8 -ASTACK=060h-02f3h \
  -pstack=STACK -ACODE=00h-03DBFh -ACONST=00h-03DBFh \
  -ASMALLCONST=0300h-03FFhx58,03D00h-03DBFh -AMEDIUMCONST=0300h-03DBFh \
  -ACOMRAM=01h-05Fh -AABS1=00h-02F3h -ABIGRAM=01h-02F3h \
  -ARAM=060h-0FFh,0100h-01FFh,0200h-02F3h -ABANK0=060h-0FFh \
  -ABANK1=0100h-01FFh -ABANK2=0200h-02F3h \
  -ASFR=0F58h-0F5Fh,0F60h-0F9Bh,0F9Dh-0FD3h,0FD5h-0FDAh,0FE0h-0FE2h,0FE8h-0FEAh,0FF0h-0FFCh \
  -preset_vec=00h,intcode,intcodelo,powerup,init -pramtop=0300h \
  -psmallconst=SMALLCONST -pmediumconst=MEDIUMCONST -pconst=CONST \
  -AFARRAM=00h-00h -ACONFIG=0300000h-030000Dh -pconfig=CONFIG \
  -AIDLOC=0200000h-0200007h -pidloc=IDLOC \
  -prdata=COMRAM,nvrram=COMRAM,nvbit=COMRAM,rbss=COMRAM,rbit=COMRAM \
  -pfarbss=FARRAM,fardata=FARRAM,nvFARRAM=FARRAM \
  -pintsave_regs=BIGRAM,bigbss=BIGRAM,bigdata=BIGRAM -pbss=RAM \
  -pidata=CODE,irdata=CODE,ibigdata=CODE,ifardata=CODE -prparam=COMRAM \
  C:\Users\jg00694\AppData\Local\Temp\s3gk.obj \
  dist/default/debug\skel.X.debug.obj 

Object code version is 3.11

Machine type is 18F6490

Call graph: (short form)




                Name                               Link     Load   Length Selector   Space Scale
C:\Users\jg00694\AppData\Local\Temp\s3gk.obj
                init                                  2        2        4        0       0
                reset_vec                             0        0        2        0       0
                idloc                            200000   200000        8   200000       0
                config                           300000   300000        A   300000       0
dist/default/debug\skel.X.debug.obj
                smallconst                          300      300       26      180       0
                text18                             108A     108A       1C      193       0
                text17                             10BC     10BC       12      193       0
                text16                              F7A      F7A       5E      193       0
                text15                              B9C      B9C       CA      193       0
                text14                              FD8      FD8       46      193       0
                text13                              DB0      DB0       82      193       0
                text12                             101E     101E       32      193       0
                text11                              C66      C66       C2      193       0
                text10                             10CE     10CE       10      193       0
                text9                              1050     1050       1E      193       0
                text8                               F16      F16       64      193       0
                text7                               AC0      AC0       DC      193       0
                text6                              10DE     10DE        2      193       0
                text5                               EA4      EA4       72      193       0
                text4                              106E     106E       1C      193       0
                text3                               D28      D28       88      193       0
                text2                               E32      E32       72      193       0
                text1                               326      326      6B0      193       0
                text0                               9D6      9D6       EA      193       0
                cstackCOMRAM                         27       27       24        1       1
                bssCOMRAM                             1        1       26        1       1
                cinit                              10A6     10A6       16      193       0

TOTAL           Name                               Link     Load   Length     Space
        CLASS   STACK          

        CLASS   CODE           
                init                                  2        2        4         0
                reset_vec                             0        0        2         0
                text18                             108A     108A       1C         0
                text17                             10BC     10BC       12         0
                text16                              F7A      F7A       5E         0
                text15                              B9C      B9C       CA         0
                text14                              FD8      FD8       46         0
                text13                              DB0      DB0       82         0
                text12                             101E     101E       32         0
                text11                              C66      C66       C2         0
                text10                             10CE     10CE       10         0
                text9                              1050     1050       1E         0
                text8                               F16      F16       64         0
                text7                               AC0      AC0       DC         0
                text6                              10DE     10DE        2         0
                text5                               EA4      EA4       72         0
                text4                              106E     106E       1C         0
                text3                               D28      D28       88         0
                text2                               E32      E32       72         0
                text1                               326      326      6B0         0
                text0                               9D6      9D6       EA         0
                cinit                              10A6     10A6       16         0

        CLASS   CONST          

        CLASS   SMALLCONST     
                smallconst                          300      300       26         0

        CLASS   MEDIUMCONST    

        CLASS   COMRAM         
                cstackCOMRAM                         27       27       24         1
                bssCOMRAM                             1        1       26         1

        CLASS   ABS1           

        CLASS   BIGRAM         

        CLASS   RAM            

        CLASS   BANK0          

        CLASS   BANK1          

        CLASS   BANK2          

        CLASS   SFR            

        CLASS   FARRAM         

        CLASS   CONFIG         
                config                           300000   300000        A         0

        CLASS   IDLOC          
                idloc                            200000   200000        8         0



SEGMENTS        Name                           Load    Length   Top    Selector   Space  Class

                reset_vec                      000000  000006  000006         0       0  CODE    
                bssCOMRAM                      000001  00004A  00004B         1       1  COMRAM  
                smallconst                     000300  000026  000326       180       0  SMALLCON
                text1                          000326  000DBA  0010E0       193       0  CODE    
                idloc                          200000  000008  200008    200000       0  IDLOC   
                config                         300000  00000A  30000A    300000       0  CONFIG  


UNUSED ADDRESS RANGES

        Name                Unused          Largest block    Delta
        BANK0            000060-0000FF               A0
        BANK1            000100-0001FF              100
        BANK2            000200-0002F3               F4
        BIGRAM           00004B-0002F3              2A9
        CODE             000006-0002FF              2FA
                         0010E0-003DBF             2CE0
        COMRAM           00004B-00005F               15
        CONFIG           30000A-30000D                4
        CONST            000006-0002FF              2FA
                         0010E0-003DBF             2CE0
        MEDIUMCONST      0010E0-003DBF             2CE0
        RAM              000060-0002F3              100
        SFR              000F58-000F9B                8
                         000F9D-000FD3               37
                         000FD5-000FDA                6
                         000FE0-000FE2                3
                         000FE8-000FEA                3
                         000FF0-000FFC                D
        SMALLCONST       0010E0-003DBF              100
        STACK            000060-0002F3              294

                                  Symbol Table

FMfrequenc@cn            cstackCOMRAM 00003E
FMfrequenc@dat           cstackCOMRAM 000040
FMfrequenc@f             cstackCOMRAM 000038
FMinit@ad                cstackCOMRAM 00003A
FMinit@dat               cstackCOMRAM 000038
FMread@data              cstackCOMRAM 000029
FMread@firstByt          cstackCOMRAM 000030
FMread@regAddr           cstackCOMRAM 00002F
FMread@secndByt          cstackCOMRAM 000031
FMready@rdy              cstackCOMRAM 000032
FMready@sts              cstackCOMRAM 000036
FMvers@vsn               cstackCOMRAM 000032
FMwrite@adr              cstackCOMRAM 00002D
FMwrite@firstByt         cstackCOMRAM 00002B
FMwrite@secndByt         cstackCOMRAM 00002C
OpenI2C@slew             cstackCOMRAM 000027
OpenI2C@sync_mode        cstackCOMRAM 000028
WriteI2C@data_out        cstackCOMRAM 000028
_ADCON1                  (abs)        000FC1
_FMfrequenc              text5        000EA4
_FMinit                  text11       000C66
_FMread                  text15       000B9C
_FMready                 text14       000FD8
_FMvers                  text10       0010CE
_FMwrite                 text13       000DB0
_INTCONbits              (abs)        000FF2
_IdleI2C                 text17       0010BC
_Init                    text8        000F16
_LCDCON                  (abs)        000F59
_LCDDATA0                (abs)        000F60
_LCDPS                   (abs)        000F58
_LCDSE0                  (abs)        000F5A
_LCDSE1                  (abs)        000F5B
_LCDSE2                  (abs)        000F5C
_LCDSE3                  (abs)        000F5D
_OSCCON                  (abs)        000FD3
_OpenI2C                 text9        001050
_PIR1bits                (abs)        000F9E
_PORTA                   (abs)        000F80
_PORTAbits               (abs)        000F80
_PORTB                   (abs)        000F81
_PORTBbits               (abs)        000F81
_PORTC                   (abs)        000F82
_PORTG                   (abs)        000F86
_ReadI2C                 text18       00108A
_SSPADD                  (abs)        000FC8
_SSPBUF                  (abs)        000FC9
_SSPCON1                 (abs)        000FC6
_SSPCON1bits             (abs)        000FC6
_SSPCON2                 (abs)        000FC5
_SSPCON2bits             (abs)        000FC5
_SSPSTAT                 (abs)        000FC7
_SSPSTATbits             (abs)        000FC7
_T0CON                   (abs)        000FD5
_T0CONbits               (abs)        000FD5
_TMR0H                   (abs)        000FD7
_TMR0L                   (abs)        000FD6
_TRISA                   (abs)        000F92
_TRISB                   (abs)        000F93
_TRISC                   (abs)        000F94
_TRISCbits               (abs)        000F94
_TRISG                   (abs)        000F98
_WriteI2C                text16       000F7A
__CFG_BOREN$OFF          (abs)        000000
__CFG_BORV$3             (abs)        000000
__CFG_CP$OFF             (abs)        000000
__CFG_FCMEN$OFF          (abs)        000000
__CFG_IESO$OFF           (abs)        000000
__CFG_MCLRE$ON           (abs)        000000
__CFG_OSC$INTIO7         (abs)        000000
__CFG_PWRT$OFF           (abs)        000000
__CFG_STVREN$OFF         (abs)        000000
__CFG_WDT$OFF            (abs)        000000
__CFG_XINST$OFF          (abs)        000000
__HRAM                   (abs)        000000
__Habs1                  abs1         000000
__Hbank0                 bank0        000000
__Hbank1                 bank1        000000
__Hbank2                 bank2        000000
__Hbigbss                bigbss       000000
__Hbigdata               bigdata      000000
__Hbigram                bigram       000000
__Hbss                   bss          000000
__HbssCOMRAM             bssCOMRAM    000000
__Hcinit                 cinit        000000
__Hclrtext               clrtext      000000
__Hcomram                comram       000000
__Hconfig                config       30000A
__Hconst                 const        000000
__HcstackCOMRAM          cstackCOMRAM 000000
__Hdata                  data         000000
__Hfarbss                farbss       000000
__Hfardata               fardata      000000
__Hibigdata              ibigdata     000000
__Hidata                 idata        000000
__Hidloc                 idloc        200008
__Hifardata              ifardata     000000
__Hinit                  init         000006
__Hintcode               intcode      000002
__Hintcode_body          intcode_body 000000
__Hintcodelo             intcodelo    000002
__Hintentry              intentry     000000
__Hintret                intret       000000
__Hintsave_regs          intsave_regs 000000
__Hirdata                irdata       000000
__Hmediumconst           mediumconst  000000
__HnvFARRAM              nvFARRAM     000000
__Hnvbit                 nvbit        000000
__Hnvrram                nvrram       000000
__Hparam                 rparam       000000
__Hpowerup               powerup      000002
__Hram                   ram          000000
__Hramtop                ramtop       000300
__Hrbit                  rbit         000000
__Hrbss                  rbss         000000
__Hrdata                 rdata        000000
__Hreset_vec             reset_vec    000002
__Hrparam                rparam       000000
__Hsfr                   sfr          000000
__Hsmallconst            smallconst   000326
__Hspace_0               (abs)        30000A
__Hspace_1               (abs)        00004B
__Hspace_2               (abs)        000000
__Hstack                 stack        000000
__Hstruct                struct       000000
__Htemp                  temp         000000
__Htext                  text         000000
__Htext0                 text0        000000
__Htext1                 text1        000000
__Htext10                text10       000000
__Htext11                text11       000000
__Htext12                text12       000000
__Htext13                text13       000000
__Htext14                text14       000000
__Htext15                text15       000000
__Htext16                text16       000000
__Htext17                text17       000000
__Htext18                text18       000000
__Htext2                 text2        000000
__Htext3                 text3        000000
__Htext4                 text4        000000
__Htext5                 text5        000000
__Htext6                 text6        000000
__Htext7                 text7        000000
__Htext8                 text8        000000
__Htext9                 text9        000000
__LRAM                   (abs)        000001
__Labs1                  abs1         000000
__Lbank0                 bank0        000000
__Lbank1                 bank1        000000
__Lbank2                 bank2        000000
__Lbigbss                bigbss       000000
__Lbigdata               bigdata      000000
__Lbigram                bigram       000000
__Lbss                   bss          000000
__LbssCOMRAM             bssCOMRAM    000000
__Lcinit                 cinit        000000
__Lclrtext               clrtext      000000
__Lcomram                comram       000000
__Lconfig                config       300000
__Lconst                 const        000000
__LcstackCOMRAM          cstackCOMRAM 000000
__Ldata                  data         000000
__Lfarbss                farbss       000000
__Lfardata               fardata      000000
__Libigdata              ibigdata     000000
__Lidata                 idata        000000
__Lidloc                 idloc        200000
__Lifardata              ifardata     000000
__Linit                  init         000002
__Lintcode               intcode      000002
__Lintcode_body          intcode_body 000000
__Lintcodelo             intcodelo    000002
__Lintentry              intentry     000000
__Lintret                intret       000000
__Lintsave_regs          intsave_regs 000000
__Lirdata                irdata       000000
__Lmediumconst           mediumconst  000000
__LnvFARRAM              nvFARRAM     000000
__Lnvbit                 nvbit        000000
__Lnvrram                nvrram       000000
__Lparam                 rparam       000000
__Lpowerup               powerup      000002
__Lram                   ram          000000
__Lramtop                ramtop       000300
__Lrbit                  rbit         000000
__Lrbss                  rbss         000000
__Lrdata                 rdata        000000
__Lreset_vec             reset_vec    000000
__Lrparam                rparam       000000
__Lsfr                   sfr          000000
__Lsmallconst            smallconst   000300
__Lspace_0               (abs)        000000
__Lspace_1               (abs)        000000
__Lspace_2               (abs)        000000
__Lstack                 stack        000000
__Lstruct                struct       000000
__Ltemp                  temp         000000
__Ltext                  text         000000
__Ltext0                 text0        000000
__Ltext1                 text1        000000
__Ltext10                text10       000000
__Ltext11                text11       000000
__Ltext12                text12       000000
__Ltext13                text13       000000
__Ltext14                text14       000000
__Ltext15                text15       000000
__Ltext16                text16       000000
__Ltext17                text17       000000
__Ltext18                text18       000000
__Ltext2                 text2        000000
__Ltext3                 text3        000000
__Ltext4                 text4        000000
__Ltext5                 text5        000000
__Ltext6                 text6        000000
__Ltext7                 text7        000000
__Ltext8                 text8        000000
__Ltext9                 text9        000000
__S0                     (abs)        30000A
__S1                     (abs)        00004B
__S2                     (abs)        000000
___extmem_base           (abs)        002000
___inthi_sp              stack        000000
___intlo_sp              stack        000000
___param_bank            (abs)        000000
___rparam_used           (abs)        000001
___sp                    stack        000000
__accesstop              (abs)        000060
__activetblptr           (abs)        000002
__end_of_FMfrequenc      text5        000F16
__end_of_FMinit          text11       000D28
__end_of_FMread          text15       000C66
__end_of_FMready         text14       00101E
__end_of_FMvers          text10       0010DE
__end_of_FMwrite         text13       000E32
__end_of_IdleI2C         text17       0010CE
__end_of_Init            text8        000F7A
__end_of_OpenI2C         text9        00106E
__end_of_ReadI2C         text18       0010A6
__end_of_WriteI2C        text16       000FD8
__end_of__initialization cinit        0010B2
__end_of_butnEvent       text7        000B9C
__end_of_dly             text12       001050
__end_of_errfm           text6        0010E0
__end_of_main            text0        000AC0
__end_of_mute            text4        00108A
__end_of_nextChan        text3        000DB0
__end_of_regDflt         smallconst   000325
__end_of_scanNext        text2        000EA4
__end_of_setVolume       text1        0009D6
__initialization         cinit        0010A6
__mediumconst            mediumconst  000000
__pbssCOMRAM             bssCOMRAM    000001
__pcinit                 cinit        0010A6
__pcstackCOMRAM          cstackCOMRAM 000027
__psmallconst            smallconst   000300
__ptext0                 text0        0009D6
__ptext1                 text1        000326
__ptext10                text10       0010CE
__ptext11                text11       000C66
__ptext12                text12       00101E
__ptext13                text13       000DB0
__ptext14                text14       000FD8
__ptext15                text15       000B9C
__ptext16                text16       000F7A
__ptext17                text17       0010BC
__ptext18                text18       00108A
__ptext2                 text2        000E32
__ptext3                 text3        000D28
__ptext4                 text4        00106E
__ptext5                 text5        000EA4
__ptext6                 text6        0010DE
__ptext7                 text7        000AC0
__ptext8                 text8        000F16
__ptext9                 text9        001050
__ramtop                 ramtop       000300
__size_of_FMfrequenc     (abs)        000000
__size_of_FMinit         (abs)        000000
__size_of_FMread         (abs)        000000
__size_of_FMready        (abs)        000000
__size_of_FMvers         (abs)        000000
__size_of_FMwrite        (abs)        000000
__size_of_IdleI2C        (abs)        000000
__size_of_Init           (abs)        000000
__size_of_OpenI2C        (abs)        000000
__size_of_ReadI2C        (abs)        000000
__size_of_WriteI2C       (abs)        000000
__size_of_butnEvent      (abs)        000000
__size_of_dly            (abs)        000000
__size_of_errfm          (abs)        000000
__size_of_main           (abs)        000000
__size_of_mute           (abs)        000000
__size_of_nextChan       (abs)        000000
__size_of_scanNext       (abs)        000000
__size_of_setVolume      (abs)        000000
__smallconst             smallconst   000300
_butnEvent               text7        000AC0
_dly                     text12       00101E
_errfm                   text6        0010DE
_freq                    bssCOMRAM    000025
_main                    text0        0009D6
_mute                    text4        00106E
_nextChan                text3        000D28
_regDflt                 smallconst   000301
_regImg                  bssCOMRAM    000001
_scanNext                text2        000E32
_setVolume               text1        000326
butnEvent@btn            cstackCOMRAM 00002B
dly@d                    cstackCOMRAM 000027
dly@i                    cstackCOMRAM 000029
end_of_initialization    cinit        0010B2
intlevel0                text         000000
intlevel1                text         000000
intlevel2                text         000000
intlevel3                text         000000
main@btn                 cstackCOMRAM 00004A
main@evt                 cstackCOMRAM 000047
main@ui                  cstackCOMRAM 000048
mute@mute                cstackCOMRAM 00002E
nextChan@up              cstackCOMRAM 000046
scanNext@STC             cstackCOMRAM 000033
scanNext@up              cstackCOMRAM 000032
setVolume@current        cstackCOMRAM 000036
setVolume@current1       cstackCOMRAM 000034
setVolume@current2       cstackCOMRAM 000032
setVolume@vol            cstackCOMRAM 00002E
stackhi                  (abs)        0002F3
stacklo                  (abs)        000060
start                    init         000002
start_initialization     cinit        0010A6


FUNCTION INFORMATION:

 *************** function _main *****************
 Defined at:
		line 1034 in file "main.c"
 Parameters:    Size  Location     Type
		None
 Auto vars:     Size  Location     Type
  ui              2   33[COMRAM] unsigned int 
  btn             1   35[COMRAM] unsigned char 
  evt             1   32[COMRAM] unsigned char 
 Return value:  Size  Location     Type
                  1    wreg      void 
 Registers used:
		wreg, fsr2l, fsr2h, status,2, status,0, tblptrl, tblptrh, tblptru, prodl, prodh, cstack
 Tracked objects:
		On entry : 
		On exit  : 
		Unchanged: 
 Data sizes:     COMRAM   BANK0   BANK1   BANK2
      Params:         0       0       0       0
      Locals:         4       0       0       0
      Temps:          0       0       0       0
      Totals:         4       0       0       0
Total ram usage:        4 bytes
 Hardware stack levels required when called:    6
 This function calls:
		_FMfrequenc
		_FMinit
		_FMvers
		_FMwrite
		_Init
		_butnEvent
		_dly
		_errfm
		_nextChan
		_scanNext
		_setVolume
 This function is called by:
		Startup code after reset
 This function uses a non-reentrant model


 *************** function _setVolume *****************
 Defined at:
		line 767 in file "main.c"
 Parameters:    Size  Location     Type
  vol             2    7[COMRAM] int 
 Auto vars:     Size  Location     Type
  current         2   15[COMRAM] unsigned int 
  current1        2   13[COMRAM] unsigned int 
  current2        2   11[COMRAM] unsigned int 
  a               2    0        int 
 Return value:  Size  Location     Type
                  1    wreg      void 
 Registers used:
		wreg, fsr2l, fsr2h, status,2, status,0, prodl, prodh, cstack
 Tracked objects:
		On entry : 
		On exit  : 
		Unchanged: 
 Data sizes:     COMRAM   BANK0   BANK1   BANK2
      Params:         2       0       0       0
      Locals:         6       0       0       0
      Temps:          2       0       0       0
      Totals:        10       0       0       0
Total ram usage:       10 bytes
 Hardware stack levels used:    1
 Hardware stack levels required when called:    3
 This function calls:
		_FMwrite
 This function is called by:
		_main
 This function uses a non-reentrant model


 *************** function _scanNext *****************
 Defined at:
		line 529 in file "main.c"
 Parameters:    Size  Location     Type
  up              1    wreg     unsigned char 
 Auto vars:     Size  Location     Type
  up              1   11[COMRAM] unsigned char 
  STC             2   12[COMRAM] unsigned int 
 Return value:  Size  Location     Type
                  1    wreg      unsigned char 
 Registers used:
		wreg, fsr2l, fsr2h, status,2, status,0, prodl, prodh, cstack
 Tracked objects:
		On entry : 
		On exit  : 
		Unchanged: 
 Data sizes:     COMRAM   BANK0   BANK1   BANK2
      Params:         0       0       0       0
      Locals:         3       0       0       0
      Temps:          0       0       0       0
      Totals:         3       0       0       0
Total ram usage:        3 bytes
 Hardware stack levels used:    1
 Hardware stack levels required when called:    4
 This function calls:
		_FMread
		_FMwrite
		_dly
		_mute
 This function is called by:
		_main
 This function uses a non-reentrant model


 *************** function _nextChan *****************
 Defined at:
		line 492 in file "main.c"
 Parameters:    Size  Location     Type
  up              1    wreg     unsigned char 
 Auto vars:     Size  Location     Type
  up              1   31[COMRAM] unsigned char 
 Return value:  Size  Location     Type
                  1    wreg      unsigned char 
 Registers used:
		wreg, fsr2l, fsr2h, status,2, status,0, prodl, prodh, cstack
 Tracked objects:
		On entry : 
		On exit  : 
		Unchanged: 
 Data sizes:     COMRAM   BANK0   BANK1   BANK2
      Params:         0       0       0       0
      Locals:         1       0       0       0
      Temps:          4       0       0       0
      Totals:         5       0       0       0
Total ram usage:        5 bytes
 Hardware stack levels used:    1
 Hardware stack levels required when called:    5
 This function calls:
		_FMfrequenc
		_mute
 This function is called by:
		_main
 This function uses a non-reentrant model


 *************** function _mute *****************
 Defined at:
		line 587 in file "main.c"
 Parameters:    Size  Location     Type
  mute            1    wreg     unsigned char 
 Auto vars:     Size  Location     Type
  mute            1    7[COMRAM] unsigned char 
 Return value:  Size  Location     Type
                  1    wreg      unsigned char 
 Registers used:
		wreg, fsr2l, fsr2h, status,2, status,0, prodl, prodh, cstack
 Tracked objects:
		On entry : 
		On exit  : 
		Unchanged: 
 Data sizes:     COMRAM   BANK0   BANK1   BANK2
      Params:         0       0       0       0
      Locals:         1       0       0       0
      Temps:          0       0       0       0
      Totals:         1       0       0       0
Total ram usage:        1 bytes
 Hardware stack levels used:    1
 Hardware stack levels required when called:    3
 This function calls:
		_FMwrite
 This function is called by:
		_nextChan
		_scanNext
 This function uses a non-reentrant model


 *************** function _FMfrequenc *****************
 Defined at:
		line 421 in file "main.c"
 Parameters:    Size  Location     Type
  f               2   17[COMRAM] unsigned int 
 Auto vars:     Size  Location     Type
  dat             2   25[COMRAM] unsigned int 
  cn              2   23[COMRAM] unsigned int 
 Return value:  Size  Location     Type
                  1    wreg      unsigned char 
 Registers used:
		wreg, fsr2l, fsr2h, status,2, status,0, prodl, prodh, cstack
 Tracked objects:
		On entry : 
		On exit  : 
		Unchanged: 
 Data sizes:     COMRAM   BANK0   BANK1   BANK2
      Params:         2       0       0       0
      Locals:         4       0       0       0
      Temps:          4       0       0       0
      Totals:        10       0       0       0
Total ram usage:       10 bytes
 Hardware stack levels used:    1
 Hardware stack levels required when called:    4
 This function calls:
		_FMready
		_FMwrite
		_dly
 This function is called by:
		_nextChan
		_main
 This function uses a non-reentrant model


 *************** function _errfm *****************
 Defined at:
		line 568 in file "main.c"
 Parameters:    Size  Location     Type
		None
 Auto vars:     Size  Location     Type
		None
 Return value:  Size  Location     Type
                  1    wreg      void 
 Registers used:
		None
 Tracked objects:
		On entry : 
		On exit  : 
		Unchanged: 
 Data sizes:     COMRAM   BANK0   BANK1   BANK2
      Params:         0       0       0       0
      Locals:         0       0       0       0
      Temps:          0       0       0       0
      Totals:         0       0       0       0
Total ram usage:        0 bytes
 Hardware stack levels used:    1
 This function calls:
		Nothing
 This function is called by:
		_main
 This function uses a non-reentrant model


 *************** function _butnEvent *****************
 Defined at:
		line 87 in file "main.c"
 Parameters:    Size  Location     Type
  btn             2    4[COMRAM] PTR unsigned char 
		 -> main@btn(1), 
 Auto vars:     Size  Location     Type
		None
 Return value:  Size  Location     Type
                  1    wreg      unsigned char 
 Registers used:
		wreg, fsr2l, fsr2h, status,2, status,0, cstack
 Tracked objects:
		On entry : 
		On exit  : 
		Unchanged: 
 Data sizes:     COMRAM   BANK0   BANK1   BANK2
      Params:         2       0       0       0
      Locals:         0       0       0       0
      Temps:          0       0       0       0
      Totals:         2       0       0       0
Total ram usage:        2 bytes
 Hardware stack levels used:    1
 Hardware stack levels required when called:    1
 This function calls:
		_dly
 This function is called by:
		_main
 This function uses a non-reentrant model


 *************** function _Init *****************
 Defined at:
		line 198 in file "main.c"
 Parameters:    Size  Location     Type
		None
 Auto vars:     Size  Location     Type
  i               2    0        int 
 Return value:  Size  Location     Type
                  1    wreg      void 
 Registers used:
		wreg, status,2, status,0, cstack
 Tracked objects:
		On entry : 
		On exit  : 
		Unchanged: 
 Data sizes:     COMRAM   BANK0   BANK1   BANK2
      Params:         0       0       0       0
      Locals:         0       0       0       0
      Temps:          0       0       0       0
      Totals:         0       0       0       0
Total ram usage:        0 bytes
 Hardware stack levels used:    1
 Hardware stack levels required when called:    1
 This function calls:
		_OpenI2C
 This function is called by:
		_main
 This function uses a non-reentrant model


 *************** function _OpenI2C *****************
 Defined at:
		line 14 in file "C:\Program Files (x86)\Microchip\xc8\v1.41\sources\pic18\plib\i2c\i2c_open.c"
 Parameters:    Size  Location     Type
  sync_mode       1    wreg     unsigned char 
  slew            1    0[COMRAM] unsigned char 
 Auto vars:     Size  Location     Type
  sync_mode       1    1[COMRAM] unsigned char 
 Return value:  Size  Location     Type
                  1    wreg      void 
 Registers used:
		wreg, status,2, status,0
 Tracked objects:
		On entry : 
		On exit  : 
		Unchanged: 
 Data sizes:     COMRAM   BANK0   BANK1   BANK2
      Params:         1       0       0       0
      Locals:         1       0       0       0
      Temps:          0       0       0       0
      Totals:         2       0       0       0
Total ram usage:        2 bytes
 Hardware stack levels used:    1
 This function calls:
		Nothing
 This function is called by:
		_Init
 This function uses a non-reentrant model


 *************** function _FMvers *****************
 Defined at:
		line 455 in file "main.c"
 Parameters:    Size  Location     Type
  vsn             2   11[COMRAM] PTR unsigned int 
		 -> main@ui(2), 
 Auto vars:     Size  Location     Type
		None
 Return value:  Size  Location     Type
                  1    wreg      unsigned char 
 Registers used:
		wreg, fsr2l, fsr2h, status,2, status,0, cstack
 Tracked objects:
		On entry : 
		On exit  : 
		Unchanged: 
 Data sizes:     COMRAM   BANK0   BANK1   BANK2
      Params:         2       0       0       0
      Locals:         0       0       0       0
      Temps:          0       0       0       0
      Totals:         2       0       0       0
Total ram usage:        2 bytes
 Hardware stack levels used:    1
 Hardware stack levels required when called:    3
 This function calls:
		_FMread
 This function is called by:
		_main
 This function uses a non-reentrant model


 *************** function _FMinit *****************
 Defined at:
		line 382 in file "main.c"
 Parameters:    Size  Location     Type
		None
 Auto vars:     Size  Location     Type
  dat             2   17[COMRAM] unsigned int 
  ad              1   19[COMRAM] unsigned char 
 Return value:  Size  Location     Type
                  1    wreg      unsigned char 
 Registers used:
		wreg, fsr2l, fsr2h, status,2, status,0, tblptrl, tblptrh, tblptru, prodl, prodh, cstack
 Tracked objects:
		On entry : 
		On exit  : 
		Unchanged: 
 Data sizes:     COMRAM   BANK0   BANK1   BANK2
      Params:         0       0       0       0
      Locals:         3       0       0       0
      Temps:          0       0       0       0
      Totals:         3       0       0       0
Total ram usage:        3 bytes
 Hardware stack levels used:    1
 Hardware stack levels required when called:    4
 This function calls:
		_FMready
		_FMwrite
		_dly
 This function is called by:
		_main
 This function uses a non-reentrant model


 *************** function _dly *****************
 Defined at:
		line 167 in file "main.c"
 Parameters:    Size  Location     Type
  d               2    0[COMRAM] int 
 Auto vars:     Size  Location     Type
  i               2    2[COMRAM] int 
 Return value:  Size  Location     Type
                  1    wreg      void 
 Registers used:
		wreg, status,2, status,0
 Tracked objects:
		On entry : 
		On exit  : 
		Unchanged: 
 Data sizes:     COMRAM   BANK0   BANK1   BANK2
      Params:         2       0       0       0
      Locals:         2       0       0       0
      Temps:          0       0       0       0
      Totals:         4       0       0       0
Total ram usage:        4 bytes
 Hardware stack levels used:    1
 This function calls:
		Nothing
 This function is called by:
		_butnEvent
		_FMinit
		_FMfrequenc
		_scanNext
		_main
 This function uses a non-reentrant model


 *************** function _FMwrite *****************
 Defined at:
		line 269 in file "main.c"
 Parameters:    Size  Location     Type
  adr             1    wreg     unsigned char 
 Auto vars:     Size  Location     Type
  adr             1    6[COMRAM] unsigned char 
  secndByt        1    5[COMRAM] unsigned char 
  firstByt        1    4[COMRAM] unsigned char 
 Return value:  Size  Location     Type
                  1    wreg      unsigned char 
 Registers used:
		wreg, fsr2l, fsr2h, status,2, status,0, prodl, prodh, cstack
 Tracked objects:
		On entry : 
		On exit  : 
		Unchanged: 
 Data sizes:     COMRAM   BANK0   BANK1   BANK2
      Params:         0       0       0       0
      Locals:         3       0       0       0
      Temps:          2       0       0       0
      Totals:         5       0       0       0
Total ram usage:        5 bytes
 Hardware stack levels used:    1
 Hardware stack levels required when called:    2
 This function calls:
		_IdleI2C
		_WriteI2C
 This function is called by:
		_FMinit
		_FMfrequenc
		_scanNext
		_mute
		_setVolume
		_main
 This function uses a non-reentrant model


 *************** function _FMready *****************
 Defined at:
		line 361 in file "main.c"
 Parameters:    Size  Location     Type
  rdy             2   11[COMRAM] PTR unsigned int 
		 -> FMfrequenc@dat(2), FMinit@dat(2), 
 Auto vars:     Size  Location     Type
  sts             2   15[COMRAM] unsigned int 
 Return value:  Size  Location     Type
                  1    wreg      unsigned char 
 Registers used:
		wreg, fsr2l, fsr2h, status,2, status,0, cstack
 Tracked objects:
		On entry : 
		On exit  : 
		Unchanged: 
 Data sizes:     COMRAM   BANK0   BANK1   BANK2
      Params:         2       0       0       0
      Locals:         2       0       0       0
      Temps:          2       0       0       0
      Totals:         6       0       0       0
Total ram usage:        6 bytes
 Hardware stack levels used:    1
 Hardware stack levels required when called:    3
 This function calls:
		_FMread
 This function is called by:
		_FMinit
		_FMfrequenc
 This function uses a non-reentrant model


 *************** function _FMread *****************
 Defined at:
		line 311 in file "main.c"
 Parameters:    Size  Location     Type
  regAddr         1    wreg     unsigned char 
  data            2    2[COMRAM] PTR unsigned int 
		 -> main@ui(2), FMreadChan@newFreq(2), scanNext@STC(2), FMready@sts(2), 
 Auto vars:     Size  Location     Type
  regAddr         1    8[COMRAM] unsigned char 
  secndByt        1   10[COMRAM] unsigned char 
  firstByt        1    9[COMRAM] unsigned char 
 Return value:  Size  Location     Type
                  1    wreg      unsigned char 
 Registers used:
		wreg, fsr2l, fsr2h, status,2, status,0, cstack
 Tracked objects:
		On entry : 
		On exit  : 
		Unchanged: 
 Data sizes:     COMRAM   BANK0   BANK1   BANK2
      Params:         2       0       0       0
      Locals:         3       0       0       0
      Temps:          4       0       0       0
      Totals:         9       0       0       0
Total ram usage:        9 bytes
 Hardware stack levels used:    1
 Hardware stack levels required when called:    2
 This function calls:
		_IdleI2C
		_ReadI2C
		_WriteI2C
 This function is called by:
		_FMready
		_FMvers
		_scanNext
		_FMid
		_FMreadChan
 This function uses a non-reentrant model


 *************** function _WriteI2C *****************
 Defined at:
		line 12 in file "C:\Program Files (x86)\Microchip\xc8\v1.41\sources\pic18\plib\i2c\i2c_writ.c"
 Parameters:    Size  Location     Type
  data_out        1    wreg     unsigned char 
 Auto vars:     Size  Location     Type
  data_out        1    1[COMRAM] unsigned char 
 Return value:  Size  Location     Type
                  1    wreg      char 
 Registers used:
		wreg, status,2, status,0, cstack
 Tracked objects:
		On entry : 
		On exit  : 
		Unchanged: 
 Data sizes:     COMRAM   BANK0   BANK1   BANK2
      Params:         0       0       0       0
      Locals:         1       0       0       0
      Temps:          0       0       0       0
      Totals:         1       0       0       0
Total ram usage:        1 bytes
 Hardware stack levels used:    1
 Hardware stack levels required when called:    1
 This function calls:
		_IdleI2C
 This function is called by:
		_FMwrite
		_FMread
 This function uses a non-reentrant model


 *************** function _IdleI2C *****************
 Defined at:
		line 24 in file "C:\Program Files (x86)\Microchip\xc8\v1.41\sources\pic18\plib\i2c\i2c_idle.c"
 Parameters:    Size  Location     Type
		None
 Auto vars:     Size  Location     Type
		None
 Return value:  Size  Location     Type
                  1    wreg      void 
 Registers used:
		wreg, status,2, status,0
 Tracked objects:
		On entry : 
		On exit  : 
		Unchanged: 
 Data sizes:     COMRAM   BANK0   BANK1   BANK2
      Params:         0       0       0       0
      Locals:         0       0       0       0
      Temps:          1       0       0       0
      Totals:         1       0       0       0
Total ram usage:        1 bytes
 Hardware stack levels used:    1
 This function calls:
		Nothing
 This function is called by:
		_FMwrite
		_FMread
		_WriteI2C
 This function uses a non-reentrant model


 *************** function _ReadI2C *****************
 Defined at:
		line 11 in file "C:\Program Files (x86)\Microchip\xc8\v1.41\sources\pic18\plib\i2c\i2c_read.c"
 Parameters:    Size  Location     Type
		None
 Auto vars:     Size  Location     Type
		None
 Return value:  Size  Location     Type
                  1    wreg      unsigned char 
 Registers used:
		wreg, status,2, status,0
 Tracked objects:
		On entry : 
		On exit  : 
		Unchanged: 
 Data sizes:     COMRAM   BANK0   BANK1   BANK2
      Params:         0       0       0       0
      Locals:         0       0       0       0
      Temps:          0       0       0       0
      Totals:         0       0       0       0
Total ram usage:        0 bytes
 Hardware stack levels used:    1
 This function calls:
		Nothing
 This function is called by:
		_FMread
 This function uses a non-reentrant model



MODULE INFORMATION

Module		Function		Class		Link	Load	Size
C:\Program Files (x86)\Microchip\xc8\v1.41\sources\pic18\plib\i2c\i2c_read.c
		_ReadI2C       		CODE           	108A	0000	29

C:\Program Files (x86)\Microchip\xc8\v1.41\sources\pic18\plib\i2c\i2c_read.c estimated size: 29

C:\Program Files (x86)\Microchip\xc8\v1.41\sources\pic18\plib\i2c\i2c_idle.c
		_IdleI2C       		CODE           	10BC	0000	19

C:\Program Files (x86)\Microchip\xc8\v1.41\sources\pic18\plib\i2c\i2c_idle.c estimated size: 19

shared
		_regDflt       		SMALLCONST     	0301	0000	37
		__initialization		CODE           	10A6	0000	13

shared estimated size: 50

C:\Program Files (x86)\Microchip\xc8\v1.41\sources\pic18\plib\i2c\i2c_open.c
		_OpenI2C       		CODE           	1050	0000	31

C:\Program Files (x86)\Microchip\xc8\v1.41\sources\pic18\plib\i2c\i2c_open.c estimated size: 31

main.c
		_errfm         		CODE           	10DE	0000	3
		_butnEvent     		CODE           	0AC0	0000	221
		_FMread        		CODE           	0B9C	0000	203
		_main          		CODE           	09D6	0000	235
		_FMready       		CODE           	0FD8	0000	71
		_FMvers        		CODE           	10CE	0000	17
		_FMinit        		CODE           	0C66	0000	195
		_FMfrequenc    		CODE           	0EA4	0000	115
		_mute          		CODE           	106E	0000	29
		_nextChan      		CODE           	0D28	0000	137
		_setVolume     		CODE           	0326	0000	1713
		_dly           		CODE           	101E	0000	51
		_Init          		CODE           	0F16	0000	101
		_scanNext      		CODE           	0E32	0000	115
		_FMwrite       		CODE           	0DB0	0000	131

main.c estimated size: 3337

C:\Program Files (x86)\Microchip\xc8\v1.41\sources\pic18\plib\i2c\i2c_writ.c
		_WriteI2C      		CODE           	0F7A	0000	95

C:\Program Files (x86)\Microchip\xc8\v1.41\sources\pic18\plib\i2c\i2c_writ.c estimated size: 95

