Microchip MPLAB XC8 Compiler V1.41 ()

Linker command line:

--edf=C:\Program Files (x86)\Microchip\xc8\v1.41\dat\en_msgs.txt -cs \
  -h+dist/default/production\skel.X.production.sym \
  --cmf=dist/default/production\skel.X.production.cmf -z -Q18F6490 \
  -oC:\Users\sk01105\AppData\Local\Temp\s26o.2 \
  -Mdist/default/production/skel.X.production.map -E1 -ver=XC8 \
  -ASTACK=060h-02ffh -pstack=STACK -ACODE=00h-03FFFh -ACONST=00h-03FFFh \
  -ASMALLCONST=0300h-03FFhx61 -AMEDIUMCONST=0300h-03FFFh -ACOMRAM=01h-05Fh \
  -AABS1=00h-02FFh -ABIGRAM=01h-02FFh -ARAM=060h-0FFh,0100h-01FFhx2 \
  -ABANK0=060h-0FFh -ABANK1=0100h-01FFh -ABANK2=0200h-02FFh \
  -ASFR=0F58h-0F5Fh,0F60h-0FFFh \
  -preset_vec=00h,intcode,intcodelo,powerup,init -pramtop=0300h \
  -psmallconst=SMALLCONST -pmediumconst=MEDIUMCONST -pconst=CONST \
  -AFARRAM=00h-00h -ACONFIG=0300000h-030000Dh -pconfig=CONFIG \
  -AIDLOC=0200000h-0200007h -pidloc=IDLOC \
  -prdata=COMRAM,nvrram=COMRAM,nvbit=COMRAM,rbss=COMRAM,rbit=COMRAM \
  -pfarbss=FARRAM,fardata=FARRAM,nvFARRAM=FARRAM \
  -pintsave_regs=BIGRAM,bigbss=BIGRAM,bigdata=BIGRAM -pbss=RAM \
  -pidata=CODE,irdata=CODE,ibigdata=CODE,ifardata=CODE -prparam=COMRAM \
  C:\Users\sk01105\AppData\Local\Temp\s26o.obj \
  dist/default/production\skel.X.production.obj 

Object code version is 3.11

Machine type is 18F6490

Call graph: (short form)




                Name                               Link     Load   Length Selector   Space Scale
C:\Users\sk01105\AppData\Local\Temp\s26o.obj
                init                                  0        0        4        0       0
                idloc                            200000   200000        8   200000       0
                config                           300000   300000        A   300000       0
dist/default/production\skel.X.production.obj
                smallconst                          300      300       56      180       0
                text23                              EDA      EDA       1C      1AB       0
                text22                              F0C      F0C       12      1AB       0
                text21                              D64      D64       5E      1AB       0
                text20                              848      848       CA      1AB       0
                text19                              DC2      DC2       46      1AB       0
                text18                              B98      B98       82      1AB       0
                text17                              E40      E40       32      1AB       0
                text16                              912      912       C2      1AB       0
                text15                              F1E      F1E       10      1AB       0
                text14                              EBC      EBC       1E      1AB       0
                text13                              D00      D00       64      1AB       0
                text12                              4E4      4E4      172      1AB       0
                text11                              B12      B12       86      1AB       0
                text10                              F2E      F2E        2      1AB       0
                text9                               E08      E08       38      1AB       0
                text8                               C8E      C8E       72      1AB       0
                text7                               C1A      C1A       74      1AB       0
                text6                               A82      A82       90      1AB       0
                text5                               754      754       F4      1AB       0
                text4                               9D4      9D4       AE      1AB       0
                text3                               E98      E98       24      1AB       0
                text2                               E72      E72       26      1AB       0
                text1                               356      356      18E      1AB       0
                text0                               656      656       FE      1AB       0
                cstackCOMRAM                          1        1       2E        1       1
                bssCOMRAM                            2F       2F       25        1       1
                cinit                               EF6      EF6       16      1AB       0

TOTAL           Name                               Link     Load   Length     Space
        CLASS   STACK          

        CLASS   CODE           
                init                                  0        0        4         0
                text23                              EDA      EDA       1C         0
                text22                              F0C      F0C       12         0
                text21                              D64      D64       5E         0
                text20                              848      848       CA         0
                text19                              DC2      DC2       46         0
                text18                              B98      B98       82         0
                text17                              E40      E40       32         0
                text16                              912      912       C2         0
                text15                              F1E      F1E       10         0
                text14                              EBC      EBC       1E         0
                text13                              D00      D00       64         0
                text12                              4E4      4E4      172         0
                text11                              B12      B12       86         0
                text10                              F2E      F2E        2         0
                text9                               E08      E08       38         0
                text8                               C8E      C8E       72         0
                text7                               C1A      C1A       74         0
                text6                               A82      A82       90         0
                text5                               754      754       F4         0
                text4                               9D4      9D4       AE         0
                text3                               E98      E98       24         0
                text2                               E72      E72       26         0
                text1                               356      356      18E         0
                text0                               656      656       FE         0
                cinit                               EF6      EF6       16         0

        CLASS   CONST          

        CLASS   SMALLCONST     
                smallconst                          300      300       56         0

        CLASS   MEDIUMCONST    

        CLASS   COMRAM         
                cstackCOMRAM                          1        1       2E         1
                bssCOMRAM                            2F       2F       25         1

        CLASS   ABS1           

        CLASS   BIGRAM         

        CLASS   RAM            

        CLASS   BANK0          

        CLASS   BANK1          

        CLASS   BANK2          

        CLASS   SFR            

        CLASS   FARRAM         

        CLASS   CONFIG         
                config                           300000   300000        A         0

        CLASS   IDLOC          
                idloc                            200000   200000        8         0



SEGMENTS        Name                           Load    Length   Top    Selector   Space  Class

                reset_vec                      000000  000004  000004         0       0  CODE    
                cstackCOMRAM                   000001  000053  000054         1       1  COMRAM  
                smallconst                     000300  000056  000356       180       0  SMALLCON
                text1                          000356  000BDA  000F30       1AB       0  CODE    
                idloc                          200000  000008  200008    200000       0  IDLOC   
                config                         300000  00000A  30000A    300000       0  CONFIG  


UNUSED ADDRESS RANGES

        Name                Unused          Largest block    Delta
        BANK0            000060-0000FF               A0
        BANK1            000100-0001FF              100
        BANK2            000200-0002FF              100
        BIGRAM           000054-0002FF              2AC
        CODE             000004-0002FF              2FC
                         000F30-003FFF             30D0
        COMRAM           000054-00005F                C
        CONFIG           30000A-30000D                4
        CONST            000004-0002FF              2FC
                         000F30-003FFF             30D0
        MEDIUMCONST      000F30-003FFF             30D0
        RAM              000060-0002FF              100
        SFR              000F58-000FFF                8
        SMALLCONST       000F30-003FFF              100
        STACK            000060-0002FF              2A0

                                  Symbol Table

?___ftpack               cstackCOMRAM 000001
?___fttol                cstackCOMRAM 000007
?___lwtoft               cstackCOMRAM 000009
?___wmul                 cstackCOMRAM 000001
FMchan@chn               cstackCOMRAM 00000C
FMfrequenc@cn            cstackCOMRAM 00001C
FMfrequenc@dat           cstackCOMRAM 00001E
FMfrequenc@f             cstackCOMRAM 000016
FMinit@ad                cstackCOMRAM 000014
FMinit@dat               cstackCOMRAM 000012
FMread@data              cstackCOMRAM 000003
FMread@firstByt          cstackCOMRAM 00000A
FMread@regAddr           cstackCOMRAM 000009
FMread@secndByt          cstackCOMRAM 00000B
FMready@rdy              cstackCOMRAM 00000C
FMready@sts              cstackCOMRAM 000010
FMvers@vsn               cstackCOMRAM 00000C
FMwrite@adr              cstackCOMRAM 000007
FMwrite@firstByt         cstackCOMRAM 000005
FMwrite@secndByt         cstackCOMRAM 000006
OpenI2C@slew             cstackCOMRAM 000001
OpenI2C@sync_mode        cstackCOMRAM 000002
WriteI2C@data_out        cstackCOMRAM 000002
_ADCON1                  (abs)        000FC1
_FMchan                  text9        000E08
_FMfrequenc              text8        000C8E
_FMinit                  text16       000912
_FMread                  text20       000848
_FMready                 text19       000DC2
_FMvers                  text15       000F1E
_FMwrite                 text18       000B98
_INTCONbits              (abs)        000FF2
_IdleI2C                 text22       000F0C
_Init                    text13       000D00
_LCDCON                  (abs)        000F59
_LCDDATA0                (abs)        000F60
_LCDPS                   (abs)        000F58
_LCDSE0                  (abs)        000F5A
_LCDSE1                  (abs)        000F5B
_LCDSE2                  (abs)        000F5C
_LCDSE3                  (abs)        000F5D
_OSCCON                  (abs)        000FD3
_OpenI2C                 text14       000EBC
_PIR1bits                (abs)        000F9E
_PORTA                   (abs)        000F80
_PORTB                   (abs)        000F81
_PORTC                   (abs)        000F82
_PORTE                   (abs)        000F84
_PORTG                   (abs)        000F86
_ReadI2C                 text23       000EDA
_SSPADD                  (abs)        000FC8
_SSPBUF                  (abs)        000FC9
_SSPCON1                 (abs)        000FC6
_SSPCON1bits             (abs)        000FC6
_SSPCON2                 (abs)        000FC5
_SSPCON2bits             (abs)        000FC5
_SSPSTAT                 (abs)        000FC7
_SSPSTATbits             (abs)        000FC7
_T0CON                   (abs)        000FD5
_T0CONbits               (abs)        000FD5
_TMR0H                   (abs)        000FD7
_TMR0L                   (abs)        000FD6
_TRISA                   (abs)        000F92
_TRISB                   (abs)        000F93
_TRISC                   (abs)        000F94
_TRISCbits               (abs)        000F94
_TRISG                   (abs)        000F98
_WriteI2C                text21       000D64
__CFG_BOREN$OFF          (abs)        000000
__CFG_BORV$3             (abs)        000000
__CFG_CP$OFF             (abs)        000000
__CFG_FCMEN$OFF          (abs)        000000
__CFG_IESO$OFF           (abs)        000000
__CFG_MCLRE$ON           (abs)        000000
__CFG_OSC$INTIO7         (abs)        000000
__CFG_PWRT$OFF           (abs)        000000
__CFG_STVREN$OFF         (abs)        000000
__CFG_WDT$OFF            (abs)        000000
__CFG_XINST$OFF          (abs)        000000
__HRAM                   (abs)        000000
__Habs1                  abs1         000000
__Hbank0                 bank0        000000
__Hbank1                 bank1        000000
__Hbank2                 bank2        000000
__Hbigbss                bigbss       000000
__Hbigdata               bigdata      000000
__Hbigram                bigram       000000
__Hbss                   bss          000000
__HbssCOMRAM             bssCOMRAM    000000
__Hcinit                 cinit        000000
__Hclrtext               clrtext      000000
__Hcomram                comram       000000
__Hconfig                config       30000A
__Hconst                 const        000000
__HcstackCOMRAM          cstackCOMRAM 000000
__Hdata                  data         000000
__Hfarbss                farbss       000000
__Hfardata               fardata      000000
__Hibigdata              ibigdata     000000
__Hidata                 idata        000000
__Hidloc                 idloc        200008
__Hifardata              ifardata     000000
__Hinit                  init         000004
__Hintcode               intcode      000000
__Hintcode_body          intcode_body 000000
__Hintcodelo             intcodelo    000000
__Hintentry              intentry     000000
__Hintret                intret       000000
__Hintsave_regs          intsave_regs 000000
__Hirdata                irdata       000000
__Hmediumconst           mediumconst  000000
__HnvFARRAM              nvFARRAM     000000
__Hnvbit                 nvbit        000000
__Hnvrram                nvrram       000000
__Hparam                 rparam       000000
__Hpowerup               powerup      000000
__Hram                   ram          000000
__Hramtop                ramtop       000300
__Hrbit                  rbit         000000
__Hrbss                  rbss         000000
__Hrdata                 rdata        000000
__Hreset_vec             reset_vec    000000
__Hrparam                rparam       000000
__Hsfr                   sfr          000000
__Hsmallconst            smallconst   000356
__Hspace_0               (abs)        30000A
__Hspace_1               (abs)        000054
__Hspace_2               (abs)        000000
__Hstack                 stack        000000
__Hstruct                struct       000000
__Htemp                  temp         000000
__Htext                  text         000000
__Htext0                 text0        000000
__Htext1                 text1        000000
__Htext10                text10       000000
__Htext11                text11       000000
__Htext12                text12       000000
__Htext13                text13       000000
__Htext14                text14       000000
__Htext15                text15       000000
__Htext16                text16       000000
__Htext17                text17       000000
__Htext18                text18       000000
__Htext19                text19       000000
__Htext2                 text2        000000
__Htext20                text20       000000
__Htext21                text21       000000
__Htext22                text22       000000
__Htext23                text23       000000
__Htext3                 text3        000000
__Htext4                 text4        000000
__Htext5                 text5        000000
__Htext6                 text6        000000
__Htext7                 text7        000000
__Htext8                 text8        000000
__Htext9                 text9        000000
__LRAM                   (abs)        000001
__Labs1                  abs1         000000
__Lbank0                 bank0        000000
__Lbank1                 bank1        000000
__Lbank2                 bank2        000000
__Lbigbss                bigbss       000000
__Lbigdata               bigdata      000000
__Lbigram                bigram       000000
__Lbss                   bss          000000
__LbssCOMRAM             bssCOMRAM    000000
__Lcinit                 cinit        000000
__Lclrtext               clrtext      000000
__Lcomram                comram       000000
__Lconfig                config       300000
__Lconst                 const        000000
__LcstackCOMRAM          cstackCOMRAM 000000
__Ldata                  data         000000
__Lfarbss                farbss       000000
__Lfardata               fardata      000000
__Libigdata              ibigdata     000000
__Lidata                 idata        000000
__Lidloc                 idloc        200000
__Lifardata              ifardata     000000
__Linit                  init         000000
__Lintcode               intcode      000000
__Lintcode_body          intcode_body 000000
__Lintcodelo             intcodelo    000000
__Lintentry              intentry     000000
__Lintret                intret       000000
__Lintsave_regs          intsave_regs 000000
__Lirdata                irdata       000000
__Lmediumconst           mediumconst  000000
__LnvFARRAM              nvFARRAM     000000
__Lnvbit                 nvbit        000000
__Lnvrram                nvrram       000000
__Lparam                 rparam       000000
__Lpowerup               powerup      000000
__Lram                   ram          000000
__Lramtop                ramtop       000300
__Lrbit                  rbit         000000
__Lrbss                  rbss         000000
__Lrdata                 rdata        000000
__Lreset_vec             reset_vec    000000
__Lrparam                rparam       000000
__Lsfr                   sfr          000000
__Lsmallconst            smallconst   000300
__Lspace_0               (abs)        000000
__Lspace_1               (abs)        000000
__Lspace_2               (abs)        000000
__Lstack                 stack        000000
__Lstruct                struct       000000
__Ltemp                  temp         000000
__Ltext                  text         000000
__Ltext0                 text0        000000
__Ltext1                 text1        000000
__Ltext10                text10       000000
__Ltext11                text11       000000
__Ltext12                text12       000000
__Ltext13                text13       000000
__Ltext14                text14       000000
__Ltext15                text15       000000
__Ltext16                text16       000000
__Ltext17                text17       000000
__Ltext18                text18       000000
__Ltext19                text19       000000
__Ltext2                 text2        000000
__Ltext20                text20       000000
__Ltext21                text21       000000
__Ltext22                text22       000000
__Ltext23                text23       000000
__Ltext3                 text3        000000
__Ltext4                 text4        000000
__Ltext5                 text5        000000
__Ltext6                 text6        000000
__Ltext7                 text7        000000
__Ltext8                 text8        000000
__Ltext9                 text9        000000
__S0                     (abs)        30000A
__S1                     (abs)        000054
__S2                     (abs)        000000
___extmem_base           (abs)        002000
___ftge                  text6        000A82
___ftge@ff1              cstackCOMRAM 00000C
___ftge@ff2              cstackCOMRAM 00000F
___ftpack                text4        0009D4
___ftpack@arg            cstackCOMRAM 000001
___ftpack@exp            cstackCOMRAM 000004
___ftpack@sign           cstackCOMRAM 000005
___fttol                 text5        000754
___fttol@exp1            cstackCOMRAM 000015
___fttol@f1              cstackCOMRAM 000007
___fttol@lval            cstackCOMRAM 000011
___fttol@sign1           cstackCOMRAM 000010
___inthi_sp              stack        000000
___intlo_sp              stack        000000
___lwtoft                text3        000E98
___lwtoft@c              cstackCOMRAM 000009
___param_bank            (abs)        000000
___rparam_used           (abs)        000001
___sp                    stack        000000
___wmul                  text2        000E72
___wmul@multiplicand     cstackCOMRAM 000003
___wmul@multiplier       cstackCOMRAM 000001
___wmul@product          cstackCOMRAM 000005
__accesstop              (abs)        000060
__activetblptr           (abs)        000002
__end_of_FMchan          text9        000E40
__end_of_FMfrequenc      text8        000D00
__end_of_FMinit          text16       0009D4
__end_of_FMread          text20       000912
__end_of_FMready         text19       000E08
__end_of_FMvers          text15       000F2E
__end_of_FMwrite         text18       000C1A
__end_of_IdleI2C         text22       000F1E
__end_of_Init            text13       000D64
__end_of_OpenI2C         text14       000EDA
__end_of_ReadI2C         text23       000EF6
__end_of_WriteI2C        text21       000DC2
__end_of___ftge          text6        000B12
__end_of___ftpack        text4        000A82
__end_of___fttol         text5        000848
__end_of___lwtoft        text3        000EBC
__end_of___wmul          text2        000E98
__end_of__initialization cinit        000F02
__end_of_butnEvent       text12       000656
__end_of_chanPresets     smallconst   000354
__end_of_changeVol       text11       000B98
__end_of_dly             text17       000E72
__end_of_errfm           text10       000F30
__end_of_main            text0        000754
__end_of_nextChan        text7        000C8E
__end_of_nextChanPreset  text1        0004E4
__end_of_regDflt         smallconst   00034B
__end_of_volPresets      smallconst   000327
__initialization         cinit        000EF6
__mediumconst            mediumconst  000000
__pbssCOMRAM             bssCOMRAM    00002F
__pcinit                 cinit        000EF6
__pcstackCOMRAM          cstackCOMRAM 000001
__psmallconst            smallconst   000300
__ptext0                 text0        000656
__ptext1                 text1        000356
__ptext10                text10       000F2E
__ptext11                text11       000B12
__ptext12                text12       0004E4
__ptext13                text13       000D00
__ptext14                text14       000EBC
__ptext15                text15       000F1E
__ptext16                text16       000912
__ptext17                text17       000E40
__ptext18                text18       000B98
__ptext19                text19       000DC2
__ptext2                 text2        000E72
__ptext20                text20       000848
__ptext21                text21       000D64
__ptext22                text22       000F0C
__ptext23                text23       000EDA
__ptext3                 text3        000E98
__ptext4                 text4        0009D4
__ptext5                 text5        000754
__ptext6                 text6        000A82
__ptext7                 text7        000C1A
__ptext8                 text8        000C8E
__ptext9                 text9        000E08
__ramtop                 ramtop       000300
__size_of_FMchan         (abs)        000000
__size_of_FMfrequenc     (abs)        000000
__size_of_FMinit         (abs)        000000
__size_of_FMread         (abs)        000000
__size_of_FMready        (abs)        000000
__size_of_FMvers         (abs)        000000
__size_of_FMwrite        (abs)        000000
__size_of_IdleI2C        (abs)        000000
__size_of_Init           (abs)        000000
__size_of_OpenI2C        (abs)        000000
__size_of_ReadI2C        (abs)        000000
__size_of_WriteI2C       (abs)        000000
__size_of___ftge         (abs)        000000
__size_of___ftpack       (abs)        000000
__size_of___fttol        (abs)        000000
__size_of___lwtoft       (abs)        000000
__size_of___wmul         (abs)        000000
__size_of_butnEvent      (abs)        000000
__size_of_changeVol      (abs)        000000
__size_of_dly            (abs)        000000
__size_of_errfm          (abs)        000000
__size_of_main           (abs)        000000
__size_of_nextChan       (abs)        000000
__size_of_nextChanPreset (abs)        000000
__smallconst             smallconst   000300
_butnEvent               text12       0004E4
_chanPresets             smallconst   00034B
_changeVol               text11       000B12
_dly                     text17       000E40
_errfm                   text10       000F2E
_main                    text0        000656
_nextChan                text7        000C1A
_nextChanPreset          text1        000356
_regDflt                 smallconst   000327
_regImg                  bssCOMRAM    00002F
_vol                     bssCOMRAM    000053
_volPresets              smallconst   000301
butnEvent@butn           cstackCOMRAM 000001
butnEvent@butnStat       cstackCOMRAM 000003
changeVol@newRegValue    cstackCOMRAM 000009
changeVol@up             cstackCOMRAM 000008
dly@d                    cstackCOMRAM 000001
dly@i                    cstackCOMRAM 000003
end_of_initialization    cinit        000F02
intlevel0                text         000000
intlevel1                text         000000
intlevel2                text         000000
intlevel3                text         000000
main@btn                 cstackCOMRAM 00002E
main@evt                 cstackCOMRAM 000029
main@freq                cstackCOMRAM 00002A
main@ui                  cstackCOMRAM 00002C
nextChan@chn             cstackCOMRAM 000027
nextChan@freq            cstackCOMRAM 000020
nextChan@up              cstackCOMRAM 000026
nextChanPreset@chn       cstackCOMRAM 000023
nextChanPreset@frq       cstackCOMRAM 000021
nextChanPreset@i         cstackCOMRAM 000025
nextChanPreset@up        cstackCOMRAM 000020
stackhi                  (abs)        0002FF
stacklo                  (abs)        000060
start                    init         000000
start_initialization     cinit        000EF6


FUNCTION INFORMATION:

 *************** function _main *****************
 Defined at:
		line 1250 in file "main.c"
 Parameters:    Size  Location     Type
		None
 Auto vars:     Size  Location     Type
  ui              2   43[COMRAM] unsigned int 
  freq            2   41[COMRAM] unsigned int 
  btn             1   45[COMRAM] unsigned char 
  evt             1   40[COMRAM] unsigned char 
 Return value:  Size  Location     Type
                  1    wreg      void 
 Registers used:
		wreg, fsr2l, fsr2h, status,2, status,0, tblptrl, tblptrh, tblptru, prodl, prodh, cstack
 Tracked objects:
		On entry : 
		On exit  : 
		Unchanged: 
 Data sizes:     COMRAM   BANK0   BANK1   BANK2
      Params:         0       0       0       0
      Locals:         6       0       0       0
      Temps:          0       0       0       0
      Totals:         6       0       0       0
Total ram usage:        6 bytes
 Hardware stack levels required when called:    6
 This function calls:
		_FMfrequenc
		_FMinit
		_FMvers
		_FMwrite
		_Init
		_butnEvent
		_changeVol
		_dly
		_errfm
		_nextChan
		_nextChanPreset
 This function is called by:
		Startup code after reset
 This function uses a non-reentrant model


 *************** function _nextChanPreset *****************
 Defined at:
		line 709 in file "main.c"
 Parameters:    Size  Location     Type
  up              1    wreg     unsigned char 
 Auto vars:     Size  Location     Type
  up              1   31[COMRAM] unsigned char 
  i               2   36[COMRAM] unsigned int 
  chn             2   34[COMRAM] unsigned int 
  frq             2   32[COMRAM] unsigned int 
 Return value:  Size  Location     Type
                  1    wreg      unsigned char 
 Registers used:
		wreg, fsr2l, fsr2h, status,2, status,0, tblptrl, tblptrh, tblptru, prodl, prodh, cstack
 Tracked objects:
		On entry : 
		On exit  : 
		Unchanged: 
 Data sizes:     COMRAM   BANK0   BANK1   BANK2
      Params:         0       0       0       0
      Locals:         7       0       0       0
      Temps:          0       0       0       0
      Totals:         7       0       0       0
Total ram usage:        7 bytes
 Hardware stack levels used:    1
 Hardware stack levels required when called:    5
 This function calls:
		_FMchan
		_FMfrequenc
		___ftge
		___fttol
		___lwtoft
		___wmul
 This function is called by:
		_main
 This function uses a non-reentrant model


 *************** function ___wmul *****************
 Defined at:
		line 15 in file "C:\Program Files (x86)\Microchip\xc8\v1.41\sources\common\Umul16.c"
 Parameters:    Size  Location     Type
  multiplier      2    0[COMRAM] unsigned int 
  multiplicand    2    2[COMRAM] unsigned int 
 Auto vars:     Size  Location     Type
  product         2    4[COMRAM] unsigned int 
 Return value:  Size  Location     Type
                  2    0[COMRAM] unsigned int 
 Registers used:
		wreg, status,2, status,0, prodl, prodh
 Tracked objects:
		On entry : 
		On exit  : 
		Unchanged: 
 Data sizes:     COMRAM   BANK0   BANK1   BANK2
      Params:         4       0       0       0
      Locals:         2       0       0       0
      Temps:          0       0       0       0
      Totals:         6       0       0       0
Total ram usage:        6 bytes
 Hardware stack levels used:    1
 This function calls:
		Nothing
 This function is called by:
		_nextChanPreset
		_showFreq
 This function uses a non-reentrant model


 *************** function ___lwtoft *****************
 Defined at:
		line 28 in file "C:\Program Files (x86)\Microchip\xc8\v1.41\sources\common\lwtoft.c"
 Parameters:    Size  Location     Type
  c               2    8[COMRAM] unsigned int 
 Auto vars:     Size  Location     Type
		None
 Return value:  Size  Location     Type
                  3    8[COMRAM] float 
 Registers used:
		wreg, status,2, status,0, cstack
 Tracked objects:
		On entry : 
		On exit  : 
		Unchanged: 
 Data sizes:     COMRAM   BANK0   BANK1   BANK2
      Params:         3       0       0       0
      Locals:         0       0       0       0
      Temps:          0       0       0       0
      Totals:         3       0       0       0
Total ram usage:        3 bytes
 Hardware stack levels used:    1
 Hardware stack levels required when called:    1
 This function calls:
		___ftpack
 This function is called by:
		_nextChanPreset
 This function uses a non-reentrant model


 *************** function ___ftpack *****************
 Defined at:
		line 62 in file "C:\Program Files (x86)\Microchip\xc8\v1.41\sources\common\float.c"
 Parameters:    Size  Location     Type
  arg             3    0[COMRAM] unsigned um
  exp             1    3[COMRAM] unsigned char 
  sign            1    4[COMRAM] unsigned char 
 Auto vars:     Size  Location     Type
		None
 Return value:  Size  Location     Type
                  3    0[COMRAM] float 
 Registers used:
		wreg, status,2, status,0
 Tracked objects:
		On entry : 
		On exit  : 
		Unchanged: 
 Data sizes:     COMRAM   BANK0   BANK1   BANK2
      Params:         5       0       0       0
      Locals:         0       0       0       0
      Temps:          3       0       0       0
      Totals:         8       0       0       0
Total ram usage:        8 bytes
 Hardware stack levels used:    1
 This function calls:
		Nothing
 This function is called by:
		___lwtoft
 This function uses a non-reentrant model


 *************** function ___fttol *****************
 Defined at:
		line 44 in file "C:\Program Files (x86)\Microchip\xc8\v1.41\sources\common\fttol.c"
 Parameters:    Size  Location     Type
  f1              3    6[COMRAM] float 
 Auto vars:     Size  Location     Type
  lval            4   16[COMRAM] unsigned long 
  exp1            1   20[COMRAM] unsigned char 
  sign1           1   15[COMRAM] unsigned char 
 Return value:  Size  Location     Type
                  4    6[COMRAM] long 
 Registers used:
		wreg, status,2, status,0
 Tracked objects:
		On entry : 
		On exit  : 
		Unchanged: 
 Data sizes:     COMRAM   BANK0   BANK1   BANK2
      Params:         4       0       0       0
      Locals:         6       0       0       0
      Temps:          5       0       0       0
      Totals:        15       0       0       0
Total ram usage:       15 bytes
 Hardware stack levels used:    1
 This function calls:
		Nothing
 This function is called by:
		_nextChanPreset
 This function uses a non-reentrant model


 *************** function ___ftge *****************
 Defined at:
		line 4 in file "C:\Program Files (x86)\Microchip\xc8\v1.41\sources\common\ftge.c"
 Parameters:    Size  Location     Type
  ff1             3   11[COMRAM] float 
  ff2             3   14[COMRAM] float 
 Auto vars:     Size  Location     Type
		None
 Return value:  Size  Location     Type
		None               void
 Registers used:
		wreg, status,2, status,0
 Tracked objects:
		On entry : 
		On exit  : 
		Unchanged: 
 Data sizes:     COMRAM   BANK0   BANK1   BANK2
      Params:         6       0       0       0
      Locals:         0       0       0       0
      Temps:          3       0       0       0
      Totals:         9       0       0       0
Total ram usage:        9 bytes
 Hardware stack levels used:    1
 This function calls:
		Nothing
 This function is called by:
		_nextChanPreset
 This function uses a non-reentrant model


 *************** function _nextChan *****************
 Defined at:
		line 668 in file "main.c"
 Parameters:    Size  Location     Type
  up              1    wreg     unsigned char 
  freq            2   31[COMRAM] int 
 Auto vars:     Size  Location     Type
  up              1   37[COMRAM] unsigned char 
  chn             2   38[COMRAM] unsigned int 
 Return value:  Size  Location     Type
                  1    wreg      unsigned char 
 Registers used:
		wreg, fsr2l, fsr2h, status,2, status,0, prodl, prodh, cstack
 Tracked objects:
		On entry : 
		On exit  : 
		Unchanged: 
 Data sizes:     COMRAM   BANK0   BANK1   BANK2
      Params:         2       0       0       0
      Locals:         3       0       0       0
      Temps:          4       0       0       0
      Totals:         9       0       0       0
Total ram usage:        9 bytes
 Hardware stack levels used:    1
 Hardware stack levels required when called:    5
 This function calls:
		_FMchan
		_FMfrequenc
 This function is called by:
		_main
 This function uses a non-reentrant model


 *************** function _FMfrequenc *****************
 Defined at:
		line 582 in file "main.c"
 Parameters:    Size  Location     Type
  f               2   21[COMRAM] unsigned int 
 Auto vars:     Size  Location     Type
  dat             2   29[COMRAM] unsigned int 
  cn              2   27[COMRAM] unsigned int 
 Return value:  Size  Location     Type
                  1    wreg      unsigned char 
 Registers used:
		wreg, fsr2l, fsr2h, status,2, status,0, prodl, prodh, cstack
 Tracked objects:
		On entry : 
		On exit  : 
		Unchanged: 
 Data sizes:     COMRAM   BANK0   BANK1   BANK2
      Params:         2       0       0       0
      Locals:         4       0       0       0
      Temps:          4       0       0       0
      Totals:        10       0       0       0
Total ram usage:       10 bytes
 Hardware stack levels used:    1
 Hardware stack levels required when called:    4
 This function calls:
		_FMready
		_FMwrite
		_dly
 This function is called by:
		_nextChan
		_nextChanPreset
		_main
 This function uses a non-reentrant model


 *************** function _FMchan *****************
 Defined at:
		line 648 in file "main.c"
 Parameters:    Size  Location     Type
  chn             2   11[COMRAM] PTR unsigned int 
		 -> nextChanPreset@chn(2), nextChan@chn(2), 
 Auto vars:     Size  Location     Type
		None
 Return value:  Size  Location     Type
                  1    wreg      unsigned char 
 Registers used:
		wreg, fsr2l, fsr2h, status,2, status,0, cstack
 Tracked objects:
		On entry : 
		On exit  : 
		Unchanged: 
 Data sizes:     COMRAM   BANK0   BANK1   BANK2
      Params:         2       0       0       0
      Locals:         0       0       0       0
      Temps:          1       0       0       0
      Totals:         3       0       0       0
Total ram usage:        3 bytes
 Hardware stack levels used:    1
 Hardware stack levels required when called:    3
 This function calls:
		_FMread
 This function is called by:
		_nextChan
		_nextChanPreset
 This function uses a non-reentrant model


 *************** function _errfm *****************
 Defined at:
		line 784 in file "main.c"
 Parameters:    Size  Location     Type
		None
 Auto vars:     Size  Location     Type
		None
 Return value:  Size  Location     Type
                  1    wreg      void 
 Registers used:
		None
 Tracked objects:
		On entry : 
		On exit  : 
		Unchanged: 
 Data sizes:     COMRAM   BANK0   BANK1   BANK2
      Params:         0       0       0       0
      Locals:         0       0       0       0
      Temps:          0       0       0       0
      Totals:         0       0       0       0
Total ram usage:        0 bytes
 Hardware stack levels used:    1
 This function calls:
		Nothing
 This function is called by:
		_main
 This function uses a non-reentrant model


 *************** function _changeVol *****************
 Defined at:
		line 99 in file "main.c"
 Parameters:    Size  Location     Type
  up              1    wreg     unsigned char 
 Auto vars:     Size  Location     Type
  up              1    7[COMRAM] unsigned char 
  newRegValue     2    8[COMRAM] unsigned int 
 Return value:  Size  Location     Type
                  1    wreg      unsigned char 
 Registers used:
		wreg, fsr2l, fsr2h, status,2, status,0, tblptrl, tblptrh, tblptru, prodl, prodh, cstack
 Tracked objects:
		On entry : 
		On exit  : 
		Unchanged: 
 Data sizes:     COMRAM   BANK0   BANK1   BANK2
      Params:         0       0       0       0
      Locals:         3       0       0       0
      Temps:          0       0       0       0
      Totals:         3       0       0       0
Total ram usage:        3 bytes
 Hardware stack levels used:    1
 Hardware stack levels required when called:    3
 This function calls:
		_FMwrite
 This function is called by:
		_main
 This function uses a non-reentrant model


 *************** function _butnEvent *****************
 Defined at:
		line 150 in file "main.c"
 Parameters:    Size  Location     Type
  butn            2    0[COMRAM] PTR unsigned char 
		 -> main@btn(1), 
 Auto vars:     Size  Location     Type
  butnStat        1    2[COMRAM] unsigned char 
 Return value:  Size  Location     Type
                  1    wreg      unsigned char 
 Registers used:
		wreg, fsr2l, fsr2h, status,2, status,0
 Tracked objects:
		On entry : 
		On exit  : 
		Unchanged: 
 Data sizes:     COMRAM   BANK0   BANK1   BANK2
      Params:         2       0       0       0
      Locals:         1       0       0       0
      Temps:          0       0       0       0
      Totals:         3       0       0       0
Total ram usage:        3 bytes
 Hardware stack levels used:    1
 This function calls:
		Nothing
 This function is called by:
		_main
 This function uses a non-reentrant model


 *************** function _Init *****************
 Defined at:
		line 352 in file "main.c"
 Parameters:    Size  Location     Type
		None
 Auto vars:     Size  Location     Type
  i               2    0        int 
 Return value:  Size  Location     Type
                  1    wreg      void 
 Registers used:
		wreg, status,2, status,0, cstack
 Tracked objects:
		On entry : 
		On exit  : 
		Unchanged: 
 Data sizes:     COMRAM   BANK0   BANK1   BANK2
      Params:         0       0       0       0
      Locals:         0       0       0       0
      Temps:          0       0       0       0
      Totals:         0       0       0       0
Total ram usage:        0 bytes
 Hardware stack levels used:    1
 Hardware stack levels required when called:    1
 This function calls:
		_OpenI2C
 This function is called by:
		_main
 This function uses a non-reentrant model


 *************** function _OpenI2C *****************
 Defined at:
		line 14 in file "C:\Program Files (x86)\Microchip\xc8\v1.41\sources\pic18\plib\i2c\i2c_open.c"
 Parameters:    Size  Location     Type
  sync_mode       1    wreg     unsigned char 
  slew            1    0[COMRAM] unsigned char 
 Auto vars:     Size  Location     Type
  sync_mode       1    1[COMRAM] unsigned char 
 Return value:  Size  Location     Type
                  1    wreg      void 
 Registers used:
		wreg, status,2, status,0
 Tracked objects:
		On entry : 
		On exit  : 
		Unchanged: 
 Data sizes:     COMRAM   BANK0   BANK1   BANK2
      Params:         1       0       0       0
      Locals:         1       0       0       0
      Temps:          0       0       0       0
      Totals:         2       0       0       0
Total ram usage:        2 bytes
 Hardware stack levels used:    1
 This function calls:
		Nothing
 This function is called by:
		_Init
 This function uses a non-reentrant model


 *************** function _FMvers *****************
 Defined at:
		line 616 in file "main.c"
 Parameters:    Size  Location     Type
  vsn             2   11[COMRAM] PTR unsigned int 
		 -> main@ui(2), 
 Auto vars:     Size  Location     Type
		None
 Return value:  Size  Location     Type
                  1    wreg      unsigned char 
 Registers used:
		wreg, fsr2l, fsr2h, status,2, status,0, cstack
 Tracked objects:
		On entry : 
		On exit  : 
		Unchanged: 
 Data sizes:     COMRAM   BANK0   BANK1   BANK2
      Params:         2       0       0       0
      Locals:         0       0       0       0
      Temps:          0       0       0       0
      Totals:         2       0       0       0
Total ram usage:        2 bytes
 Hardware stack levels used:    1
 Hardware stack levels required when called:    3
 This function calls:
		_FMread
 This function is called by:
		_main
 This function uses a non-reentrant model


 *************** function _FMinit *****************
 Defined at:
		line 543 in file "main.c"
 Parameters:    Size  Location     Type
		None
 Auto vars:     Size  Location     Type
  dat             2   17[COMRAM] unsigned int 
  ad              1   19[COMRAM] unsigned char 
 Return value:  Size  Location     Type
                  1    wreg      unsigned char 
 Registers used:
		wreg, fsr2l, fsr2h, status,2, status,0, tblptrl, tblptrh, tblptru, prodl, prodh, cstack
 Tracked objects:
		On entry : 
		On exit  : 
		Unchanged: 
 Data sizes:     COMRAM   BANK0   BANK1   BANK2
      Params:         0       0       0       0
      Locals:         3       0       0       0
      Temps:          0       0       0       0
      Totals:         3       0       0       0
Total ram usage:        3 bytes
 Hardware stack levels used:    1
 Hardware stack levels required when called:    4
 This function calls:
		_FMready
		_FMwrite
		_dly
 This function is called by:
		_main
 This function uses a non-reentrant model


 *************** function _dly *****************
 Defined at:
		line 321 in file "main.c"
 Parameters:    Size  Location     Type
  d               2    0[COMRAM] int 
 Auto vars:     Size  Location     Type
  i               2    2[COMRAM] int 
 Return value:  Size  Location     Type
                  1    wreg      void 
 Registers used:
		wreg, status,2, status,0
 Tracked objects:
		On entry : 
		On exit  : 
		Unchanged: 
 Data sizes:     COMRAM   BANK0   BANK1   BANK2
      Params:         2       0       0       0
      Locals:         2       0       0       0
      Temps:          0       0       0       0
      Totals:         4       0       0       0
Total ram usage:        4 bytes
 Hardware stack levels used:    1
 This function calls:
		Nothing
 This function is called by:
		_FMinit
		_FMfrequenc
		_main
		_scanNext
 This function uses a non-reentrant model


 *************** function _FMwrite *****************
 Defined at:
		line 423 in file "main.c"
 Parameters:    Size  Location     Type
  adr             1    wreg     unsigned char 
 Auto vars:     Size  Location     Type
  adr             1    6[COMRAM] unsigned char 
  secndByt        1    5[COMRAM] unsigned char 
  firstByt        1    4[COMRAM] unsigned char 
 Return value:  Size  Location     Type
                  1    wreg      unsigned char 
 Registers used:
		wreg, fsr2l, fsr2h, status,2, status,0, prodl, prodh, cstack
 Tracked objects:
		On entry : 
		On exit  : 
		Unchanged: 
 Data sizes:     COMRAM   BANK0   BANK1   BANK2
      Params:         0       0       0       0
      Locals:         3       0       0       0
      Temps:          2       0       0       0
      Totals:         5       0       0       0
Total ram usage:        5 bytes
 Hardware stack levels used:    1
 Hardware stack levels required when called:    2
 This function calls:
		_IdleI2C
		_WriteI2C
 This function is called by:
		_changeVol
		_FMinit
		_FMfrequenc
		_main
		_scanNext
		_mute
		_setVolume
 This function uses a non-reentrant model


 *************** function _FMready *****************
 Defined at:
		line 515 in file "main.c"
 Parameters:    Size  Location     Type
  rdy             2   11[COMRAM] PTR unsigned int 
		 -> FMfrequenc@dat(2), FMinit@dat(2), 
 Auto vars:     Size  Location     Type
  sts             2   15[COMRAM] unsigned int 
 Return value:  Size  Location     Type
                  1    wreg      unsigned char 
 Registers used:
		wreg, fsr2l, fsr2h, status,2, status,0, cstack
 Tracked objects:
		On entry : 
		On exit  : 
		Unchanged: 
 Data sizes:     COMRAM   BANK0   BANK1   BANK2
      Params:         2       0       0       0
      Locals:         2       0       0       0
      Temps:          2       0       0       0
      Totals:         6       0       0       0
Total ram usage:        6 bytes
 Hardware stack levels used:    1
 Hardware stack levels required when called:    3
 This function calls:
		_FMread
 This function is called by:
		_FMinit
		_FMfrequenc
 This function uses a non-reentrant model


 *************** function _FMread *****************
 Defined at:
		line 465 in file "main.c"
 Parameters:    Size  Location     Type
  regAddr         1    wreg     unsigned char 
  data            2    2[COMRAM] PTR unsigned int 
		 -> main@ui(2), FMreadChan@newFreq(2), scanNext@STC(2), nextChanPreset@chn(2), 
		 -> nextChan@chn(2), FMready@sts(2), 
 Auto vars:     Size  Location     Type
  regAddr         1    8[COMRAM] unsigned char 
  secndByt        1   10[COMRAM] unsigned char 
  firstByt        1    9[COMRAM] unsigned char 
 Return value:  Size  Location     Type
                  1    wreg      unsigned char 
 Registers used:
		wreg, fsr2l, fsr2h, status,2, status,0, cstack
 Tracked objects:
		On entry : 
		On exit  : 
		Unchanged: 
 Data sizes:     COMRAM   BANK0   BANK1   BANK2
      Params:         2       0       0       0
      Locals:         3       0       0       0
      Temps:          4       0       0       0
      Totals:         9       0       0       0
Total ram usage:        9 bytes
 Hardware stack levels used:    1
 Hardware stack levels required when called:    2
 This function calls:
		_IdleI2C
		_ReadI2C
		_WriteI2C
 This function is called by:
		_FMready
		_FMvers
		_FMchan
		_FMid
		_scanNext
		_FMreadChan
 This function uses a non-reentrant model


 *************** function _WriteI2C *****************
 Defined at:
		line 12 in file "C:\Program Files (x86)\Microchip\xc8\v1.41\sources\pic18\plib\i2c\i2c_writ.c"
 Parameters:    Size  Location     Type
  data_out        1    wreg     unsigned char 
 Auto vars:     Size  Location     Type
  data_out        1    1[COMRAM] unsigned char 
 Return value:  Size  Location     Type
                  1    wreg      char 
 Registers used:
		wreg, status,2, status,0, cstack
 Tracked objects:
		On entry : 
		On exit  : 
		Unchanged: 
 Data sizes:     COMRAM   BANK0   BANK1   BANK2
      Params:         0       0       0       0
      Locals:         1       0       0       0
      Temps:          0       0       0       0
      Totals:         1       0       0       0
Total ram usage:        1 bytes
 Hardware stack levels used:    1
 Hardware stack levels required when called:    1
 This function calls:
		_IdleI2C
 This function is called by:
		_FMwrite
		_FMread
 This function uses a non-reentrant model


 *************** function _IdleI2C *****************
 Defined at:
		line 24 in file "C:\Program Files (x86)\Microchip\xc8\v1.41\sources\pic18\plib\i2c\i2c_idle.c"
 Parameters:    Size  Location     Type
		None
 Auto vars:     Size  Location     Type
		None
 Return value:  Size  Location     Type
                  1    wreg      void 
 Registers used:
		wreg, status,2, status,0
 Tracked objects:
		On entry : 
		On exit  : 
		Unchanged: 
 Data sizes:     COMRAM   BANK0   BANK1   BANK2
      Params:         0       0       0       0
      Locals:         0       0       0       0
      Temps:          1       0       0       0
      Totals:         1       0       0       0
Total ram usage:        1 bytes
 Hardware stack levels used:    1
 This function calls:
		Nothing
 This function is called by:
		_FMwrite
		_FMread
		_WriteI2C
 This function uses a non-reentrant model


 *************** function _ReadI2C *****************
 Defined at:
		line 11 in file "C:\Program Files (x86)\Microchip\xc8\v1.41\sources\pic18\plib\i2c\i2c_read.c"
 Parameters:    Size  Location     Type
		None
 Auto vars:     Size  Location     Type
		None
 Return value:  Size  Location     Type
                  1    wreg      unsigned char 
 Registers used:
		wreg, status,2, status,0
 Tracked objects:
		On entry : 
		On exit  : 
		Unchanged: 
 Data sizes:     COMRAM   BANK0   BANK1   BANK2
      Params:         0       0       0       0
      Locals:         0       0       0       0
      Temps:          0       0       0       0
      Totals:         0       0       0       0
Total ram usage:        0 bytes
 Hardware stack levels used:    1
 This function calls:
		Nothing
 This function is called by:
		_FMread
 This function uses a non-reentrant model



MODULE INFORMATION

Module		Function		Class		Link	Load	Size
C:\Program Files (x86)\Microchip\xc8\v1.41\sources\pic18\plib\i2c\i2c_read.c
		_ReadI2C       		CODE           	0EDA	0000	29

C:\Program Files (x86)\Microchip\xc8\v1.41\sources\pic18\plib\i2c\i2c_read.c estimated size: 29

C:\Program Files (x86)\Microchip\xc8\v1.41\sources\common\fttol.c
		___fttol       		CODE           	0754	0000	245

C:\Program Files (x86)\Microchip\xc8\v1.41\sources\common\fttol.c estimated size: 245

C:\Program Files (x86)\Microchip\xc8\v1.41\sources\common\Umul16.c
		___wmul        		CODE           	0E72	0000	39

C:\Program Files (x86)\Microchip\xc8\v1.41\sources\common\Umul16.c estimated size: 39

C:\Program Files (x86)\Microchip\xc8\v1.41\sources\pic18\plib\i2c\i2c_idle.c
		_IdleI2C       		CODE           	0F0C	0000	19

C:\Program Files (x86)\Microchip\xc8\v1.41\sources\pic18\plib\i2c\i2c_idle.c estimated size: 19

C:\Program Files (x86)\Microchip\xc8\v1.41\sources\common\ftge.c
		___ftge        		CODE           	0A82	0000	145

C:\Program Files (x86)\Microchip\xc8\v1.41\sources\common\ftge.c estimated size: 145

C:\Program Files (x86)\Microchip\xc8\v1.41\sources\common\float.c
		___ftpack      		CODE           	09D4	0000	175

C:\Program Files (x86)\Microchip\xc8\v1.41\sources\common\float.c estimated size: 175

shared
		_regDflt       		SMALLCONST     	0327	0000	37
		_chanPresets   		SMALLCONST     	034B	0000	10
		__initialization		CODE           	0EF6	0000	13
		_volPresets    		SMALLCONST     	0301	0000	39

shared estimated size: 99

C:\Program Files (x86)\Microchip\xc8\v1.41\sources\pic18\plib\i2c\i2c_open.c
		_OpenI2C       		CODE           	0EBC	0000	31

C:\Program Files (x86)\Microchip\xc8\v1.41\sources\pic18\plib\i2c\i2c_open.c estimated size: 31

C:\Program Files (x86)\Microchip\xc8\v1.41\sources\common\lwtoft.c
		___lwtoft      		CODE           	0E98	0000	37

C:\Program Files (x86)\Microchip\xc8\v1.41\sources\common\lwtoft.c estimated size: 37

main.c
		_errfm         		CODE           	0F2E	0000	3
		_butnEvent     		CODE           	04E4	0000	371
		_FMread        		CODE           	0848	0000	203
		_FMchan        		CODE           	0E08	0000	57
		_main          		CODE           	0656	0000	255
		_FMready       		CODE           	0DC2	0000	71
		_FMvers        		CODE           	0F1E	0000	17
		_FMinit        		CODE           	0912	0000	195
		_FMfrequenc    		CODE           	0C8E	0000	115
		_nextChan      		CODE           	0C1A	0000	117
		_changeVol     		CODE           	0B12	0000	135
		_dly           		CODE           	0E40	0000	51
		_Init          		CODE           	0D00	0000	101
		_FMwrite       		CODE           	0B98	0000	131
		_nextChanPreset		CODE           	0356	0000	399

main.c estimated size: 2221

C:\Program Files (x86)\Microchip\xc8\v1.41\sources\pic18\plib\i2c\i2c_writ.c
		_WriteI2C      		CODE           	0D64	0000	95

C:\Program Files (x86)\Microchip\xc8\v1.41\sources\pic18\plib\i2c\i2c_writ.c estimated size: 95

